[htmldemo.net/urdan/urdan/index-2.html]
[backblue.gif]
[fade.gif]
[index.html]
[htmldemo.net/urdan/urdan/assets/images/favicon/cropped-favicon-32x32.png]
[htmldemo.net/urdan/urdan/assets/images/favicon/cropped-favicon-192x192.png]
[htmldemo.net/urdan/urdan/assets/images/favicon/cropped-favicon-180x180.png]
[htmldemo.net/urdan/urdan/assets/images/favicon/cropped-favicon-270x270.png]
[htmldemo.net/urdan/urdan/assets/css/vendor/pe-icon-7-stroke.css]
[htmldemo.net/urdan/urdan/assets/css/vendor/font-awesome.min.css]
[htmldemo.net/urdan/urdan/assets/css/vendor/themify-icons.css]
[htmldemo.net/urdan/urdan/assets/css/vendor/bootstrap.min.css]
[htmldemo.net/urdan/urdan/assets/css/plugins/aos.css]
[htmldemo.net/urdan/urdan/assets/css/plugins/magnific-popup.css]
[htmldemo.net/urdan/urdan/assets/css/plugins/jquery-ui.css]
[htmldemo.net/urdan/urdan/assets/css/plugins/nice-select.css]
[htmldemo.net/urdan/urdan/assets/css/plugins/animate.css]
[htmldemo.net/urdan/urdan/assets/css/plugins/select2.min.css]
[htmldemo.net/urdan/urdan/assets/css/plugins/easyzoom.css]
[htmldemo.net/urdan/urdan/assets/css/plugins/slinky.css]
[htmldemo.net/urdan/urdan/assets/images/icon-img/flag.png]
[htmldemo.net/urdan/urdan/assets/images/icon-img/spanish.png]
[htmldemo.net/urdan/urdan/assets/css/style.css]
[htmldemo.net/urdan/urdan/assets/images/icon-img/arabic.png]
[htmldemo.net/urdan/urdan/assets/images/logo/logo.png]
[htmldemo.net/urdan/urdan/index.html]
[htmldemo.net/urdan/urdan/index-3.html]
[htmldemo.net/urdan/urdan/index-5.html]
[htmldemo.net/urdan/urdan/assets/css/plugins/swiper.min.css]
[htmldemo.net/urdan/urdan/index-6.html]
[htmldemo.net/urdan/urdan/index-7.html]
[htmldemo.net/urdan/urdan/shop.html]
[htmldemo.net/urdan/urdan/index-8.html]
[htmldemo.net/urdan/urdan/shop-sidebar.html]
[htmldemo.net/urdan/urdan/shop-list.html]
[htmldemo.net/urdan/urdan/shop-list-sidebar.html]
[htmldemo.net/urdan/urdan/shop-location.html]
[htmldemo.net/urdan/urdan/product-details.html]
[htmldemo.net/urdan/urdan/shop-right-sidebar.html]
[htmldemo.net/urdan/urdan/product-details-2.html]
[htmldemo.net/urdan/urdan/product-details-affiliate.html]
[htmldemo.net/urdan/urdan/product-details-gallery.html]
[htmldemo.net/urdan/urdan/product-details-fixed-img.html]
[htmldemo.net/urdan/urdan/product-details-group.html]
[htmldemo.net/urdan/urdan/assets/images/banner/menu.png]
[htmldemo.net/urdan/urdan/cart.html]
[htmldemo.net/urdan/urdan/about-us.html]
[htmldemo.net/urdan/urdan/checkout.html]
[htmldemo.net/urdan/urdan/my-account.html]
[htmldemo.net/urdan/urdan/wishlist.html]
[htmldemo.net/urdan/urdan/contact-us.html]
[htmldemo.net/urdan/urdan/compare.html]
[htmldemo.net/urdan/urdan/login-register.html]
[htmldemo.net/urdan/urdan/blog-sidebar.html]
[htmldemo.net/urdan/urdan/blog-details.html]
[htmldemo.net/urdan/urdan/assets/images/cart/cart-1.jpg]
[htmldemo.net/urdan/urdan/index-4.html]
[htmldemo.net/urdan/urdan/blog.html]
[htmldemo.net/urdan/urdan/assets/images/cart/cart-2.jpg]
[htmldemo.net/urdan/urdan/assets/images/slider/slider-bg-2.jpg]
[htmldemo.net/urdan/urdan/assets/images/icon-img/chair.png]
[htmldemo.net/urdan/urdan/assets/images/slider/slider-bg-2-2.jpg]
[htmldemo.net/urdan/urdan/assets/images/category/category-6-black.png]
[htmldemo.net/urdan/urdan/assets/images/category/category-hover-6.png]
[htmldemo.net/urdan/urdan/assets/images/category/category-7-black.png]
[htmldemo.net/urdan/urdan/assets/images/category/category-hover-7.png]
[htmldemo.net/urdan/urdan/assets/images/category/category-8-black.png]
[htmldemo.net/urdan/urdan/assets/images/category/category-hover-8.png]
[htmldemo.net/urdan/urdan/assets/images/category/category-9-black.png]
[htmldemo.net/urdan/urdan/assets/images/category/category-hover-9.png]
[htmldemo.net/urdan/urdan/assets/images/category/category-10-black.png]
[htmldemo.net/urdan/urdan/assets/images/category/category-hover-10.png]
[htmldemo.net/urdan/urdan/assets/images/category/category-11-black.png]
[htmldemo.net/urdan/urdan/assets/images/category/category-hover-11.png]
[htmldemo.net/urdan/urdan/assets/images/product/product-5.png]
[htmldemo.net/urdan/urdan/assets/images/product/product-6.png]
[htmldemo.net/urdan/urdan/assets/images/product/product-7.png]
[htmldemo.net/urdan/urdan/assets/images/product/product-4.png]
[htmldemo.net/urdan/urdan/assets/images/product/product-8.png]
[htmldemo.net/urdan/urdan/assets/images/product/product-2.png]
[htmldemo.net/urdan/urdan/assets/images/product/product-3.png]
[htmldemo.net/urdan/urdan/assets/images/product/product-9.png]
[htmldemo.net/urdan/urdan/assets/images/product/product-1.png]
[htmldemo.net/urdan/urdan/assets/images/banner/banner-6.png]
[htmldemo.net/urdan/urdan/assets/images/banner/banner-7.png]
[htmldemo.net/urdan/urdan/assets/images/bg/bg-2.png]
[htmldemo.net/urdan/urdan/assets/images/brand-logo/brand-logo-1.png]
[htmldemo.net/urdan/urdan/assets/images/brand-logo/brand-logo-2.png]
[htmldemo.net/urdan/urdan/assets/images/brand-logo/brand-logo-3.png]
[htmldemo.net/urdan/urdan/assets/images/brand-logo/brand-logo-4.png]
[htmldemo.net/urdan/urdan/assets/images/brand-logo/brand-logo-5.png]
[htmldemo.net/urdan/urdan/assets/images/blog/blog-1.png]
[htmldemo.net/urdan/urdan/assets/images/blog/blog-2.png]
[htmldemo.net/urdan/urdan/assets/images/blog/blog-3.png]
[htmldemo.net/urdan/urdan/assets/images/icon-img/payment.png]
[htmldemo.net/urdan/urdan/assets/images/product/quickview.png]
[htmldemo.net/urdan/urdan/assets/js/vendor/modernizr-3.11.7.min.js]
[htmldemo.net/urdan/urdan/assets/js/vendor/jquery-3.6.0.min.js]
[htmldemo.net/urdan/urdan/assets/js/vendor/jquery-migrate-3.3.2.min.js]
[htmldemo.net/urdan/urdan/assets/js/vendor/popper.min.js]
[htmldemo.net/urdan/urdan/assets/js/vendor/bootstrap.min.js]
[htmldemo.net/urdan/urdan/assets/js/plugins/wow.js]
[htmldemo.net/urdan/urdan/assets/js/plugins/scrollup.js]
[htmldemo.net/urdan/urdan/assets/js/plugins/aos.js]
[htmldemo.net/urdan/urdan/assets/js/plugins/magnific-popup.js]
[htmldemo.net/urdan/urdan/assets/js/plugins/jquery.syotimer.min.js]
[htmldemo.net/urdan/urdan/assets/js/plugins/swiper.min.js]
[htmldemo.net/urdan/urdan/assets/js/plugins/imagesloaded.pkgd.min.js]
[htmldemo.net/urdan/urdan/assets/js/plugins/isotope.pkgd.min.js]
[htmldemo.net/urdan/urdan/assets/js/plugins/jquery-ui.js]
[htmldemo.net/urdan/urdan/assets/js/plugins/jquery-ui-touch-punch.js]
[htmldemo.net/urdan/urdan/assets/js/plugins/jquery.nice-select.min.js]
[htmldemo.net/urdan/urdan/assets/js/plugins/waypoints.min.js]
[htmldemo.net/urdan/urdan/assets/js/plugins/jquery.counterup.js]
[htmldemo.net/urdan/urdan/assets/js/plugins/select2.min.js]
[htmldemo.net/urdan/urdan/assets/js/plugins/easyzoom.js]
[htmldemo.net/urdan/urdan/assets/js/plugins/slinky.min.js]
[htmldemo.net/urdan/urdan/assets/js/plugins/ajax-mail.js]
[htmldemo.net/urdan/urdan/index-2.html]
[htmldemo.net/urdan/urdan/assets/css/vendor/bootstrap.min.css]
[htmldemo.net/urdan/urdan/assets/js/main.js]
[htmldemo.net/urdan/urdan/assets/fonts/Pe-icon-7-strokebb1d.eot]
[htmldemo.net/urdan/urdan/assets/fonts/Pe-icon-7-stroked41d.eot]
[htmldemo.net/urdan/urdan/assets/fonts/Pe-icon-7-strokebb1d.woff]
[htmldemo.net/urdan/urdan/assets/fonts/Pe-icon-7-strokebb1d.ttf]
[htmldemo.net/urdan/urdan/assets/css/vendor/pe-icon-7-stroke.css]
[htmldemo.net/urdan/urdan/assets/fonts/Pe-icon-7-strokebb1d.svg]
[htmldemo.net/urdan/urdan/assets/fonts/themify9f24.eot]
[htmldemo.net/urdan/urdan/assets/fonts/themify9f24.woff]
[htmldemo.net/urdan/urdan/assets/fonts/themifyd41d.eot]
[htmldemo.net/urdan/urdan/assets/fonts/themify9f24.ttf]
[htmldemo.net/urdan/urdan/assets/css/vendor/themify-icons.css]
[htmldemo.net/urdan/urdan/assets/fonts/themify9f24.svg]
[htmldemo.net/urdan/urdan/assets/fonts/fontawesome-webfont3e6e.eot]
[htmldemo.net/urdan/urdan/assets/fonts/fontawesome-webfont3e6e.woff2]
[htmldemo.net/urdan/urdan/assets/fonts/fontawesome-webfontd41d.eot]
[htmldemo.net/urdan/urdan/assets/fonts/fontawesome-webfont3e6e.woff]
[htmldemo.net/urdan/urdan/assets/fonts/fontawesome-webfont3e6e.ttf]
[htmldemo.net/urdan/urdan/assets/css/vendor/font-awesome.min.css]
[htmldemo.net/urdan/urdan/assets/css/plugins/animate.css]
[htmldemo.net/urdan/urdan/assets/css/plugins/aos.css]
[htmldemo.net/urdan/urdan/assets/css/plugins/magnific-popup.css]
[htmldemo.net/urdan/urdan/assets/css/plugins/swiper.min.css]
[htmldemo.net/urdan/urdan/assets/fonts/fontawesome-webfont3e6e.svg]
[htmldemo.net/urdan/urdan/assets/css/plugins/images/ui-icons_444444_256x240.png]
[htmldemo.net/urdan/urdan/assets/css/plugins/images/ui-icons_555555_256x240.png]
[htmldemo.net/urdan/urdan/assets/css/plugins/images/ui-icons_ffffff_256x240.png]
[htmldemo.net/urdan/urdan/assets/css/plugins/images/ui-icons_777620_256x240.png]
[htmldemo.net/urdan/urdan/assets/css/plugins/images/ui-icons_cc0000_256x240.png]
[htmldemo.net/urdan/urdan/assets/css/plugins/images/ui-icons_777777_256x240.png]
[htmldemo.net/urdan/urdan/assets/css/plugins/jquery-ui.css]
[htmldemo.net/urdan/urdan/assets/css/plugins/nice-select.css]
[htmldemo.net/urdan/urdan/assets/css/plugins/select2.min.css]
[htmldemo.net/urdan/urdan/assets/css/plugins/easyzoom.css]
[htmldemo.net/urdan/urdan/assets/css/plugins/slinky.css]
[htmldemo.net/urdan/urdan/assets/fonts/urwabbeyw01-bold/URWAbbeyW01-Bold.eot]
[htmldemo.net/urdan/urdan/assets/fonts/urwabbeyw01-bold/URWAbbeyW01-Boldd41d.eot]
[htmldemo.net/urdan/urdan/assets/fonts/urwabbeyw01-bold/URWAbbeyW01-Bold.woff2]
[htmldemo.net/urdan/urdan/assets/fonts/urwabbeyw01-bold/URWAbbeyW01-Bold.woff]
[htmldemo.net/urdan/urdan/assets/fonts/urwabbeyw01-bold/URWAbbeyW01-Bold.ttf]
[htmldemo.net/urdan/urdan/assets/css/style.css]
[htmldemo.net/urdan/urdan/assets/images/slider/slider-bg-1.jpg]
[htmldemo.net/urdan/urdan/assets/images/slider/slider-img-1.png]
[htmldemo.net/urdan/urdan/assets/images/slider/slider-img-1-2.png]
[htmldemo.net/urdan/urdan/assets/images/banner/banner-1.png]
[htmldemo.net/urdan/urdan/assets/images/banner/banner-2.png]
[htmldemo.net/urdan/urdan/assets/images/banner/banner-3.png]
[htmldemo.net/urdan/urdan/assets/images/banner/banner-4.png]
[htmldemo.net/urdan/urdan/assets/images/banner/banner-5.png]
[htmldemo.net/urdan/urdan/assets/images/icon-img/sale.png]
[htmldemo.net/urdan/urdan/assets/images/icon-img/car.png]
[htmldemo.net/urdan/urdan/assets/images/icon-img/time.png]
[htmldemo.net/urdan/urdan/assets/images/icon-img/dollar.png]
[htmldemo.net/urdan/urdan/assets/images/icon-img/discount.png]
[htmldemo.net/urdan/urdan/assets/images/product/single-product.png]
[htmldemo.net/urdan/urdan/assets/images/bg/bg-1.png]
[htmldemo.net/urdan/urdan/index.html]
[htmldemo.net/urdan/urdan/assets/images/slider/slider-bg-3.jpg]
[htmldemo.net/urdan/urdan/assets/images/slider/slider-bg-3-2.jpg]
[htmldemo.net/urdan/urdan/assets/images/banner/banner-8.png]
[htmldemo.net/urdan/urdan/assets/images/banner/banner-9.png]
[htmldemo.net/urdan/urdan/assets/images/product/single-product-2.png]
[htmldemo.net/urdan/urdan/index-3.html]
[htmldemo.net/urdan/urdan/assets/images/banner/banner-10.png]
[htmldemo.net/urdan/urdan/assets/images/banner/banner-11.png]
[htmldemo.net/urdan/urdan/assets/images/banner/banner-12.png]
[htmldemo.net/urdan/urdan/assets/images/testimonial/client-1.png]
[htmldemo.net/urdan/urdan/assets/images/testimonial/client-2.png]
[htmldemo.net/urdan/urdan/index-4.html]
[htmldemo.net/urdan/urdan/assets/images/slider/slider-img-2.png]
[htmldemo.net/urdan/urdan/assets/images/slider/slider-img-2-2.png]
[htmldemo.net/urdan/urdan/assets/images/banner/banner-13.png]
[htmldemo.net/urdan/urdan/assets/images/banner/banner-14.png]
[htmldemo.net/urdan/urdan/assets/images/banner/banner-15.png]
[htmldemo.net/urdan/urdan/assets/images/banner/banner-16.png]
[htmldemo.net/urdan/urdan/assets/images/banner/banner-17.png]
[htmldemo.net/urdan/urdan/assets/images/banner/banner-18.png]
[htmldemo.net/urdan/urdan/assets/images/banner/banner-19.png]
[htmldemo.net/urdan/urdan/index-5.html]
[htmldemo.net/urdan/urdan/assets/images/slider/slider-bg-5.jpg]
[htmldemo.net/urdan/urdan/assets/images/slider/slider-bg-5-2.jpg]
[htmldemo.net/urdan/urdan/assets/images/banner/banner-20.png]
[htmldemo.net/urdan/urdan/assets/images/banner/banner-21.png]
[htmldemo.net/urdan/urdan/assets/images/banner/banner-22.png]
[htmldemo.net/urdan/urdan/assets/images/bg/bg-3.png]
[htmldemo.net/urdan/urdan/assets/images/banner/banner-23.png]
[htmldemo.net/urdan/urdan/index-6.html]
[htmldemo.net/urdan/urdan/assets/images/slider/slider-fix-img.jpg]
[htmldemo.net/urdan/urdan/assets/images/category/category-6.png]
[htmldemo.net/urdan/urdan/assets/images/category/category-7.png]
[htmldemo.net/urdan/urdan/assets/images/category/category-8.png]
[htmldemo.net/urdan/urdan/assets/images/category/category-9.png]
[htmldemo.net/urdan/urdan/assets/images/category/category-10.png]
[htmldemo.net/urdan/urdan/assets/images/category/category-11.png]
[htmldemo.net/urdan/urdan/assets/images/banner/banner-24.png]
[htmldemo.net/urdan/urdan/assets/images/banner/banner-25.png]
[htmldemo.net/urdan/urdan/index-7.html]
[htmldemo.net/urdan/urdan/assets/images/slider/slider-bg-6.jpg]
[htmldemo.net/urdan/urdan/assets/images/slider/slider-bg-6-2.jpg]
[htmldemo.net/urdan/urdan/assets/images/banner/banner-28.png]
[htmldemo.net/urdan/urdan/assets/images/banner/banner-26.png]
[htmldemo.net/urdan/urdan/assets/images/banner/banner-27.png]
[htmldemo.net/urdan/urdan/assets/images/category/category-12.png]
[htmldemo.net/urdan/urdan/assets/images/category/category-13.png]
[htmldemo.net/urdan/urdan/assets/images/category/category-14.png]
[htmldemo.net/urdan/urdan/assets/images/product/product-10.png]
[htmldemo.net/urdan/urdan/assets/images/product/product-11.png]
[htmldemo.net/urdan/urdan/assets/images/product/product-12.png]
[htmldemo.net/urdan/urdan/assets/images/product/product-13.png]
[htmldemo.net/urdan/urdan/assets/images/product/product-14.png]
[htmldemo.net/urdan/urdan/index-8.html]
[htmldemo.net/urdan/urdan/assets/images/banner/breadcrumb-1.png]
[htmldemo.net/urdan/urdan/assets/images/banner/breadcrumb-2.png]
[htmldemo.net/urdan/urdan/shop.html]
[htmldemo.net/urdan/urdan/shop-sidebar.html]
[htmldemo.net/urdan/urdan/shop-list.html]
[htmldemo.net/urdan/urdan/shop-list-sidebar.html]
[htmldemo.net/urdan/urdan/shop-right-sidebar.html]
[htmldemo.net/urdan/urdan/shop-location.html]
[htmldemo.net/urdan/urdan/assets/images/product-details/pro-details-small-img-1.png]
[htmldemo.net/urdan/urdan/assets/images/product-details/pro-details-small-img-2.png]
[htmldemo.net/urdan/urdan/assets/images/product-details/pro-details-small-img-3.png]
[htmldemo.net/urdan/urdan/assets/images/product-details/pro-details-small-img-4.png]
[htmldemo.net/urdan/urdan/assets/images/product-details/pro-details-small-img-5.png]
[htmldemo.net/urdan/urdan/assets/images/product-details/pro-details-zoom-img-1.png]
[htmldemo.net/urdan/urdan/assets/images/product-details/pro-details-large-img-1.png]
[htmldemo.net/urdan/urdan/assets/images/product-details/pro-details-zoom-img-2.png]
[htmldemo.net/urdan/urdan/assets/images/product-details/pro-details-large-img-2.png]
[htmldemo.net/urdan/urdan/assets/images/product-details/pro-details-zoom-img-3.png]
[htmldemo.net/urdan/urdan/assets/images/product-details/pro-details-large-img-3.png]
[htmldemo.net/urdan/urdan/assets/images/product-details/pro-details-zoom-img-4.png]
[htmldemo.net/urdan/urdan/assets/images/product-details/pro-details-large-img-4.png]
[htmldemo.net/urdan/urdan/assets/images/product-details/pro-details-zoom-img-5.png]
[htmldemo.net/urdan/urdan/assets/images/product-details/pro-details-large-img-5.png]
[htmldemo.net/urdan/urdan/assets/images/product-details/review-1.png]
[htmldemo.net/urdan/urdan/product-details.html]
[htmldemo.net/urdan/urdan/assets/images/product-details/pro-details-small-img-6.png]
[htmldemo.net/urdan/urdan/assets/images/product-details/pro-details-small-img-7.png]
[htmldemo.net/urdan/urdan/assets/images/product-details/pro-details-small-img-8.png]
[htmldemo.net/urdan/urdan/assets/images/product-details/pro-details-small-img-9.png]
[htmldemo.net/urdan/urdan/assets/images/product-details/pro-details-small-img-10.png]
[htmldemo.net/urdan/urdan/product-details-2.html]
[htmldemo.net/urdan/urdan/product-details-gallery.html]
[htmldemo.net/urdan/urdan/product-details-affiliate.html]
[htmldemo.net/urdan/urdan/product-details-group.html]
[htmldemo.net/urdan/urdan/product-details-fixed-img.html]
[htmldemo.net/urdan/urdan/assets/images/banner/about-us.png]
[htmldemo.net/urdan/urdan/assets/images/bg/bg-4.png]
[htmldemo.net/urdan/urdan/assets/images/icon-img/client.png]
[htmldemo.net/urdan/urdan/assets/images/icon-img/award.png]
[htmldemo.net/urdan/urdan/assets/images/icon-img/item.png]
[htmldemo.net/urdan/urdan/assets/images/icon-img/cup.png]
[htmldemo.net/urdan/urdan/assets/images/team/team-1.png]
[htmldemo.net/urdan/urdan/assets/images/team/team-2.png]
[htmldemo.net/urdan/urdan/assets/images/team/team-3.png]
[htmldemo.net/urdan/urdan/about-us.html]
[htmldemo.net/urdan/urdan/assets/images/cart/cart-3.jpg]
[htmldemo.net/urdan/urdan/cart.html]
[htmldemo.net/urdan/urdan/checkout.html]
[htmldemo.net/urdan/urdan/my-account.html]
[htmldemo.net/urdan/urdan/wishlist.html]
[htmldemo.net/urdan/urdan/compare.html]
[htmldemo.net/urdan/urdan/contact-us.html]
[htmldemo.net/urdan/urdan/login-register.html]
[htmldemo.net/urdan/urdan/blog.html]
[htmldemo.net/urdan/urdan/assets/images/blog/blog-author.png]
[htmldemo.net/urdan/urdan/assets/images/blog/latest-post-1.png]
[htmldemo.net/urdan/urdan/assets/images/blog/latest-post-2.png]
[htmldemo.net/urdan/urdan/assets/images/banner/banner-29.png]
[htmldemo.net/urdan/urdan/blog-sidebar.html]
[htmldemo.net/urdan/urdan/assets/images/blog/blog-details.png]
[htmldemo.net/urdan/urdan/assets/images/icon-img/quote.png]
[htmldemo.net/urdan/urdan/assets/images/blog/blog-details-2.png]
[htmldemo.net/urdan/urdan/assets/images/blog/blog-details-3.png]
[htmldemo.net/urdan/urdan/assets/images/blog/blog-author-2.png]
[htmldemo.net/urdan/urdan/assets/images/blog/blog-comment-1.png]
[htmldemo.net/urdan/urdan/assets/images/blog/blog-comment-2.png]
[htmldemo.net/urdan/urdan/assets/images/blog/latest-post-3.png]
[htmldemo.net/urdan/urdan/blog-details.html]
[htmldemo.net/urdan/urdan/assets/fonts/Pe-icon-7-strokebb1d.svg]
[htmldemo.net/urdan/urdan/assets/fonts/themify9f24.svg]
[htmldemo.net/urdan/urdan/assets/images/bg/bg-2.png]
[htmldemo.net/urdan/urdan/assets/fonts/fontawesome-webfont3e6e.svg]
[htmldemo.net/urdan/urdan/assets/css/plugins/images/ui-icons_444444_256x240.html]
[htmldemo.net/urdan/urdan/assets/css/plugins/images/ui-icons_555555_256x240.html]
[htmldemo.net/urdan/urdan/assets/css/plugins/images/ui-icons_ffffff_256x240.html]
[htmldemo.net/urdan/urdan/assets/css/plugins/images/ui-icons_777620_256x240.html]
[htmldemo.net/urdan/urdan/assets/css/plugins/images/ui-icons_cc0000_256x240.html]
[htmldemo.net/urdan/urdan/assets/css/plugins/images/ui-icons_777777_256x240.html]
